# 0---
```
julien@ubuntu:~/0x0A. argc, argv$ gcc -Wall -pedantic -Werror -Wextra -std=gnu89 0-whatsmyname.c -o mynameis
julien@ubuntu:~/0x0A. argc, argv$ ./mynameis 
./mynameis
julien@ubuntu:~/0x0A. argc, argv$ mv mynameis mynewnameis
julien@ubuntu:~/0x0A. argc, argv$ ./mynewnameis 
./mynewnameis
julien@ubuntu:~/0x0A. argc, argv$ 
```

# 1---
```
julien@ubuntu:~/0x0A. argc, argv$ gcc -Wall -pedantic -Werror -Wextra -std=gnu89 1-args.c -o nargs
julien@ubuntu:~/0x0A. argc, argv$ ./nargs 
0
julien@ubuntu:~/0x0A. argc, argv$ ./nargs hello
1
julien@ubuntu:~/0x0A. argc, argv$ ./nargs "hello, world"
1
julien@ubuntu:~/0x0A. argc, argv$ ./nargs hello, world
2
julien@ubuntu:~/0x0A. argc, argv$ 
```

# 2---
```
julien@ubuntu:~/0x0A. argc, argv$ gcc -Wall -pedantic -Werror -Wextra -std=gnu89 2-args.c -o args
julien@ubuntu:~/0x0A. argc, argv$ ./args 
./args
julien@ubuntu:~/0x0A. argc, argv$ ./args You can do anything, but not everything.
./args
You
can
do
anything,
but
not
everything.
julien@ubuntu:~/0x0A. argc, argv$ 
```

# 3---
```
julien@ubuntu:~/0x0A. argc, argv$ gcc -Wall -pedantic -Werror -Wextra -std=gnu89 3-mul.c -o mul
julien@ubuntu:~/0x0A. argc, argv$ ./mul 2 3
6
julien@ubuntu:~/0x0A. argc, argv$ ./mul 2 -3
-6
julien@ubuntu:~/0x0A. argc, argv$ ./mul 2 0
0
julien@ubuntu:~/0x0A. argc, argv$ ./mul 245 3245342
795108790
julien@ubuntu:~/0x0A. argc, argv$ ./mul
Error
julien@ubuntu:~/0x0A. argc, argv$ 
```

# 4---
```
julien@ubuntu:~/0x0A. argc, argv$ gcc -Wall -pedantic -Werror -Wextra -std=gnu89 4-add.c -o add
julien@ubuntu:~/0x0A. argc, argv$ ./add 1 1
2
julien@ubuntu:~/0x0A. argc, argv$ ./add 1 10 100 1000
1111
julien@ubuntu:~/0x0A. argc, argv$ ./add 1 2 3 e 4 5
Error
julien@ubuntu:~/0x0A. argc, argv$ ./add
0
julien@ubuntu:~/0x0A. argc, argv$ 
```

# 5---
```
julien@ubuntu:~/0x0A. argc, argv$ gcc -Wall -pedantic -Werror -Wextra -std=gnu89 100-change.c -o change
julien@ubuntu:~/0x0A. argc, argv$ ./change 
Error
julien@ubuntu:~/0x0A. argc, argv$ ./change 10
1
julien@ubuntu:~/0x0A. argc, argv$ ./change 100
4
julien@ubuntu:~/0x0A. argc, argv$ ./change 101
5
julien@ubuntu:~/0x0A. argc, argv$ ./change 13
3
julien@ubuntu:~/0x0A. argc, argv$ 
```
